// Jest Snapshot v1, https://goo.gl/fbAQLP

exports[`test snapshot 1`] = `
<View
  accessible={true}
  collapsable={false}
  focusable={true}
  onClick={[Function]}
  onResponderGrant={[Function]}
  onResponderMove={[Function]}
  onResponderRelease={[Function]}
  onResponderTerminate={[Function]}
  onResponderTerminationRequest={[Function]}
  onStartShouldSetResponder={[Function]}
  style={
    Object {
      "alignItems": "center",
      "backgroundColor": "#fff",
      "borderColor": "#dcdee0",
      "borderRadius": 2,
      "borderStyle": "solid",
      "borderWidth": 1,
      "flexDirection": "row",
      "height": 44,
      "justifyContent": "center",
      "opacity": 1,
      "overflow": "hidden",
      "paddingHorizontal": 15,
      "position": "relative",
    }
  }
>
  <Text
    numberOfLines={1}
    selectable={false}
    style={
      Object {
        "color": "#323233",
        "fontSize": 14,
      }
    }
  >
    default button
  </Text>
</View>
`;
